Eliminated node at line 708: push_action_static_encap(hdr = hdr, meta = meta, encap = dash_encapsulation, vni = tunnel_key, underlay_sip = (underlay_sip == 0 ? hdr.u0_ipv4.src_addr : (IPv4Address)underlay_sip), underlay_dip = (underlay_dip == 0 ? hdr.u0_ipv4.dst_addr : (IPv4Address)underlay_dip), overlay_dmac = hdr.u0_ethernet.dst_addr);
Eliminated node at line 708: push_action_static_encap(hdr = hdr, meta = meta, encap = dash_encapsulation, vni = tunnel_key, underlay_sip = (underlay_sip == 0 ? hdr.u0_ipv4.src_addr : (IPv4Address)underlay_sip), underlay_dip = (underlay_dip == 0 ? hdr.u0_ipv4.dst_addr : (IPv4Address)underlay_dip), overlay_dmac = hdr.u0_ethernet.dst_addr);
Eliminated node at line 590: meta.encap_data.vni = (vni == 0 ? meta.encap_data.vni : vni);
Eliminated node at line 593: meta.encap_data.underlay_sip = (underlay_sip == 0 ? meta.encap_data.underlay_sip : underlay_sip);
Eliminated node at line 594: meta.encap_data.underlay_dip = (underlay_dip == 0 ? meta.encap_data.underlay_dip : underlay_dip);
Eliminated node at line 595: meta.overlay_data.dmac = (overlay_dmac == 0 ? meta.overlay_data.dmac : overlay_dmac);
Eliminated node at line 713: if (use_dst_vnet_vni == 1) {
Eliminated node at line 594: meta.encap_data.underlay_dip = (underlay_dip == 0 ? meta.encap_data.underlay_dip : underlay_dip);
Eliminated node at line 595: meta.overlay_data.dmac = (overlay_dmac == 0 ? meta.overlay_data.dmac : overlay_dmac);
Eliminated node at line 590: meta.encap_data.vni = (vni == 0 ? meta.encap_data.vni : vni);
Eliminated node at line 593: meta.encap_data.underlay_sip = (underlay_sip == 0 ? meta.encap_data.underlay_sip : underlay_sip);
Eliminated node at line 594: meta.encap_data.underlay_dip = (underlay_dip == 0 ? meta.encap_data.underlay_dip : underlay_dip);
Eliminated node at line 595: meta.overlay_data.dmac = (overlay_dmac == 0 ? meta.overlay_data.dmac : overlay_dmac);
Eliminated node at line 378: if (hdr.u0_ipv4.isValid()) {
Eliminated node at line 381: if (hdr.u0_ipv6.isValid()) {
Eliminated node at line 378: if (hdr.u0_ipv4.isValid()) {
Eliminated node at line 381: if (hdr.u0_ipv6.isValid()) {
Eliminated node at line 378: if (hdr.u0_ipv4.isValid()) {
Eliminated node at line 381: if (hdr.u0_ipv6.isValid()) {
Eliminated node at line 1059: if (dash_tunnel_dscp_mode == dash_tunnel_dscp_mode_t.PIPE_MODEL) {
Eliminated node at line 1064: if (meta.is_overlay_ip_v6 == 1) {
Eliminated node at line 1082: if (meta.direction == dash_direction_t.OUTBOUND) {
Eliminated node at line 1142: if (meta.is_overlay_ip_v6 == 1) {
Eliminated node at line 1146: if (meta.is_overlay_ip_v6 == 0) {
Eliminated node at line 998: meta.dropped = true;
Eliminated node at line 913: if (meta.is_overlay_ip_v6 == 1) {
Eliminated node at line 917: if (meta.is_overlay_ip_v6 == 0) {
Eliminated node at line 1164: meta.encap_data.underlay_sip = hdr.u0_ipv4.dst_addr;
Eliminated node at line 1163: if (vip.apply().hit) {
Replaced node at line 871: direction_lookup.apply(); with direction_lookup_stage_set_inbound_direction_0/set_inbound_direction();
Eliminated node at line 1170: appliance.apply();
Eliminated node at line 893: meta.eni_addr = (meta.direction == dash_direction_t.OUTBOUND ? hdr.customer_ethernet.src_addr : hdr.customer_ethernet.dst_addr);
Eliminated node at line (unknown): 
Eliminated node at line 894: if (!eni_ether_address_map.apply().hit) {
Eliminated node at line 1175: tunnel_decap(hdr, meta);
Eliminated node at line 1178: tunnel_decap_pa_validate: {
Replaced node at line 1205: eni.apply(); with deny_0/deny();
Eliminated node at line 1212: acl_group.apply();
Eliminated node at line 1213: if (meta.direction == dash_direction_t.OUTBOUND) {
Eliminated node at line (unknown): 
Eliminated node at line 554: if (meta.stage1_dash_acl_group_id != 0) {
Eliminated node at line (unknown): 
Eliminated node at line 564: if (meta.stage2_dash_acl_group_id != 0) {
Eliminated node at line (unknown): 
Eliminated node at line 574: if (meta.stage3_dash_acl_group_id != 0) {
Eliminated node at line 837: } else if (meta.tunnel_pointer == 1) {
Eliminated node at line (unknown): { hdr.u0_ipv6.setValid();
  hdr.u0_ipv6.version = 6;
  hdr.u0_ipv6.traffic_class = 0;
  hdr.u0_ipv6.flow_label = 0;
  hdr.u0_ipv6.payload_length = hdr.u0_ipv4.total_len + 65516;
  hdr.u0_ipv6.next_header = hdr.u0_ipv4.protocol;
  hdr.u0_ipv6.hop_limit = hdr.u0_ipv4.ttl;
  hdr.u0_ipv6.dst_addr = (bit<128>)hdr.u0_ipv4.dst_addr & ~meta.overlay_data.dip_mask | meta.overlay_data.dip & meta.overlay_data.dip_mask;
  hdr.u0_ipv6.src_addr = (bit<128>)hdr.u0_ipv4.src_addr & ~meta.overlay_data.sip_mask | meta.overlay_data.sip & meta.overlay_data.sip_mask;
  hdr.u0_ipv4.setInvalid();
  hdr.u0_ethernet.ether_type = 34525; }
Eliminated node at line (unknown): { hdr.u0_ipv4.setValid();
  hdr.u0_ipv4.version = 4;
  hdr.u0_ipv4.ihl = 5;
  hdr.u0_ipv4.diffserv = 0;
  hdr.u0_ipv4.total_len = hdr.u0_ipv6.payload_length + 20;
  hdr.u0_ipv4.identification = 1;
  hdr.u0_ipv4.flags = 0;
  hdr.u0_ipv4.frag_offset = 0;
  hdr.u0_ipv4.protocol = hdr.u0_ipv6.next_header;
  hdr.u0_ipv4.ttl = hdr.u0_ipv6.hop_limit;
  hdr.u0_ipv4.hdr_checksum = 0;
  hdr.u0_ipv4.dst_addr = (bit<32>)meta.overlay_data.dip;
  hdr.u0_ipv4.src_addr = (bit<32>)meta.overlay_data.sip;
  hdr.u0_ipv6.setInvalid();
  hdr.u0_ethernet.ether_type = 2048; }
Eliminated node at line (unknown): { if (meta.encap_data.dash_encapsulation == dash_encapsulation_t.VXLAN) {
    if (meta.tunnel_pointer == 0) {
      push_vxlan_tunnel_u0_2/push_vxlan_tunnel_u0();
    } else if (meta.tunnel_pointer == 1) {
      push_vxlan_tunnel_u1_2/push_vxlan_tunnel_u1(); }
  } else if (meta.encap_data.dash_encapsulation == dash_encapsulation_t.NVGRE) {
    if (meta.tunnel_pointer == 0) {
      push_vxlan_tunnel_u0_3/push_vxlan_tunnel_u0();
    } else if (meta.tunnel_pointer == 1) {
      push_vxlan_tunnel_u1_3/push_vxlan_tunnel_u1(); } }
  meta.tunnel_pointer = meta.tunnel_pointer + 1; }
Eliminated node at line 1015: underlay_routing.apply();
Eliminated node at line 1222: if (meta.eni_data.dscp_mode == dash_tunnel_dscp_mode_t.PIPE_MODEL) {
Eliminated node at line 969: if (meta.meter_policy_en == 1) {
Eliminated node at line 975: meta.meter_class = meta.policy_meter_class;
Eliminated node at line 983: meter_bucket.apply();
Eliminated node at line 989: eni_meter.apply();
Replaced node at line 1044: meta.appliance_id: ternary; with 0
Replaced node at line 1103: meta.eni_id: exact; with 0
Replaced node at line 1118: meta.vnet_id : exact; with 0
Replaced node at line 1129: meta.eni_id : exact; with 0
Replaced node at line 1153: meta.stage1_dash_acl_group_id: exact; with 0
Replaced node at line 504: meta.stage1_dash_acl_group_id: exact; with 0
Replaced node at line 521: meta.stage2_dash_acl_group_id: exact; with 0
Replaced node at line 538: meta.stage3_dash_acl_group_id: exact; with 0
Replaced node at line 728: meta.eni_id : exact; with 0
Replaced node at line 752: meta.dst_vnet_id : exact; with 0
Replaced node at line 768: meta.vnet_id: exact; with 0
Replaced node at line 504: meta.stage1_dash_acl_group_id: exact; with 0
Replaced node at line 521: meta.stage2_dash_acl_group_id: exact; with 0
Replaced node at line 538: meta.stage3_dash_acl_group_id: exact; with 0
Replaced node at line 1007: meta.dst_ip_addr: lpm; with 0
Replaced node at line 924: meta.meter_policy_id: exact; with 0
Replaced node at line 935: meta.meter_policy_id: exact; with 0
Replaced node at line 936: hdr.u0_ipv4.dst_addr: ternary; with 0
Replaced node at line 949: meta.eni_id : exact; with 0
Replaced node at line 950: meta.meter_class: exact; with 0
Replaced node at line 960: meta.eni_id : exact; with 0
Replaced node at line 1206: if (meta.eni_data.admin_state == 0) { with 0
Replaced node at line 554: if (meta.stage1_dash_acl_group_id != 0) { with 0
Replaced node at line 564: if (meta.stage2_dash_acl_group_id != 0) { with 0
Replaced node at line 574: if (meta.stage3_dash_acl_group_id != 0) { with 0
Replaced node at line 835: if (meta.tunnel_pointer == 0) { with 0
Replaced node at line 629: if (meta.routing_actions & dash_routing_actions_t.NAT46 == 0) { with 0
Replaced node at line 655: if (meta.routing_actions & dash_routing_actions_t.NAT64 == 0) { with 0
Replaced node at line 599: if (meta.routing_actions & dash_routing_actions_t.STATIC_ENCAP == 0) { with 0
Replaced node at line 969: if (meta.meter_policy_en == 1) { with 0
Replaced node at line 974: if (meta.meter_policy_en == 1) { with 0
Replaced node at line 979: if (meta.meter_class == 0 || meta.mapping_meter_class_override == 1) { with 0
Replaced node at line 979: if (meta.meter_class == 0 || meta.mapping_meter_class_override == 1) { with 0
statement_count_before:535
statement_count_after:434
cyclomatic_complexity:187
num_parsers_paths:280

