Eliminated node at line 741: acl_pre_ingress_table.apply();
Eliminated node at line 412: vrf_table.apply();
Eliminated node at line 415: ipv4_table.apply();
Eliminated node at line 417: ipv6_table.apply();
Eliminated node at line 419: if (wcmp_group_id_valid) {
Eliminated node at line 422: if (nexthop_id_valid) {
Eliminated node at line 689: acl_ingress_table.apply();
Eliminated node at line 521: if (local_metadata.mirror_session_id_valid) {
