Eliminated node at line 517: tb_lookup_0_0_t.apply();
Eliminated node at line 518: tb_lookup_0_1_t.apply();
Eliminated node at line 519: tb_lookup_0_2_t.apply();
Eliminated node at line 520: tb_lookup_0_3_t.apply();
Eliminated node at line 521: tb_lookup_1_0_t.apply();
Eliminated node at line 522: tb_lookup_1_1_t.apply();
Eliminated node at line 523: tb_lookup_1_2_t.apply();
Eliminated node at line 524: tb_lookup_1_3_t.apply();
Eliminated node at line 525: tb_lookup_2_0_t.apply();
Eliminated node at line 526: tb_lookup_2_1_t.apply();
Eliminated node at line 527: tb_lookup_2_2_t.apply();
Eliminated node at line 528: tb_lookup_2_3_t.apply();
Eliminated node at line 529: tb_lookup_3_0_t.apply();
Eliminated node at line 530: tb_lookup_3_1_t.apply();
Eliminated node at line 531: tb_lookup_3_2_t.apply();
Eliminated node at line 532: tb_lookup_3_3_t.apply();
Eliminated node at line 545: tb_lookup_0_0_t2r.apply();
Eliminated node at line 546: tb_lookup_0_1_t2r.apply();
Eliminated node at line 547: tb_lookup_0_2_t2r.apply();
Eliminated node at line 548: tb_lookup_0_3_t2r.apply();
Eliminated node at line 549: tb_lookup_1_0_t2r.apply();
Eliminated node at line 550: tb_lookup_1_1_t2r.apply();
Eliminated node at line 551: tb_lookup_1_2_t2r.apply();
Eliminated node at line 552: tb_lookup_1_3_t2r.apply();
Eliminated node at line 553: tb_lookup_2_0_t2r.apply();
Eliminated node at line 554: tb_lookup_2_1_t2r.apply();
Eliminated node at line 555: tb_lookup_2_2_t2r.apply();
Eliminated node at line 556: tb_lookup_2_3_t2r.apply();
Eliminated node at line 557: tb_lookup_3_0_t2r.apply();
Eliminated node at line 558: tb_lookup_3_1_t2r.apply();
Eliminated node at line 559: tb_lookup_3_2_t2r.apply();
Eliminated node at line 560: tb_lookup_3_3_t2r.apply();
Replaced node at line 572: tb_recirc_decision.apply(); with do_not_recirc();
statement_count_before:195
statement_count_after:163
cyclomatic_complexity:78
num_parsers_paths:13

