Eliminated node at line 364: action write_v_0_0_a(bit<32> v){ ig_md.aes_tmp.v00 =v; } table tb_lookup_0_0_t { key = { hdr.aes.s00 : exact; hdr.aes_meta.curr_round: exact; } size = 3600; actions = { write_v_0_0_a; } } action write_v_0_1_a(bit<32> v){ ig_md.aes_tmp.v01 =v; } table tb_lookup_0_1_t { key = { hdr.aes.s01 : exact; hdr.aes_meta.curr_round: exact; } size = 3600; actions = { write_v_0_1_a; } } action write_v_0_2_a(bit<32> v){ ig_md.aes_tmp.v02 =v; } table tb_lookup_0_2_t { key = { hdr.aes.s02 : exact; hdr.aes_meta.curr_round: exact; } size = 3600; actions = { write_v_0_2_a; } } action write_v_0_3_a(bit<32> v){ ig_md.aes_tmp.v03 =v; } table tb_lookup_0_3_t { key = { hdr.aes.s03 : exact; hdr.aes_meta.curr_round: exact; } size = 3600; actions = { write_v_0_3_a; } }
Eliminated node at line 364: action write_v_0_0_a(bit<32> v){ ig_md.aes_tmp.v00 =v; } table tb_lookup_0_0_t { key = { hdr.aes.s00 : exact; hdr.aes_meta.curr_round: exact; } size = 3600; actions = { write_v_0_0_a; } } action write_v_0_1_a(bit<32> v){ ig_md.aes_tmp.v01 =v; } table tb_lookup_0_1_t { key = { hdr.aes.s01 : exact; hdr.aes_meta.curr_round: exact; } size = 3600; actions = { write_v_0_1_a; } } action write_v_0_2_a(bit<32> v){ ig_md.aes_tmp.v02 =v; } table tb_lookup_0_2_t { key = { hdr.aes.s02 : exact; hdr.aes_meta.curr_round: exact; } size = 3600; actions = { write_v_0_2_a; } } action write_v_0_3_a(bit<32> v){ ig_md.aes_tmp.v03 =v; } table tb_lookup_0_3_t { key = { hdr.aes.s03 : exact; hdr.aes_meta.curr_round: exact; } size = 3600; actions = { write_v_0_3_a; } }
Eliminated node at line 364: action write_v_0_0_a(bit<32> v){ ig_md.aes_tmp.v00 =v; } table tb_lookup_0_0_t { key = { hdr.aes.s00 : exact; hdr.aes_meta.curr_round: exact; } size = 3600; actions = { write_v_0_0_a; } } action write_v_0_1_a(bit<32> v){ ig_md.aes_tmp.v01 =v; } table tb_lookup_0_1_t { key = { hdr.aes.s01 : exact; hdr.aes_meta.curr_round: exact; } size = 3600; actions = { write_v_0_1_a; } } action write_v_0_2_a(bit<32> v){ ig_md.aes_tmp.v02 =v; } table tb_lookup_0_2_t { key = { hdr.aes.s02 : exact; hdr.aes_meta.curr_round: exact; } size = 3600; actions = { write_v_0_2_a; } } action write_v_0_3_a(bit<32> v){ ig_md.aes_tmp.v03 =v; } table tb_lookup_0_3_t { key = { hdr.aes.s03 : exact; hdr.aes_meta.curr_round: exact; } size = 3600; actions = { write_v_0_3_a; } }
Eliminated node at line 364: action write_v_0_0_a(bit<32> v){ ig_md.aes_tmp.v00 =v; } table tb_lookup_0_0_t { key = { hdr.aes.s00 : exact; hdr.aes_meta.curr_round: exact; } size = 3600; actions = { write_v_0_0_a; } } action write_v_0_1_a(bit<32> v){ ig_md.aes_tmp.v01 =v; } table tb_lookup_0_1_t { key = { hdr.aes.s01 : exact; hdr.aes_meta.curr_round: exact; } size = 3600; actions = { write_v_0_1_a; } } action write_v_0_2_a(bit<32> v){ ig_md.aes_tmp.v02 =v; } table tb_lookup_0_2_t { key = { hdr.aes.s02 : exact; hdr.aes_meta.curr_round: exact; } size = 3600; actions = { write_v_0_2_a; } } action write_v_0_3_a(bit<32> v){ ig_md.aes_tmp.v03 =v; } table tb_lookup_0_3_t { key = { hdr.aes.s03 : exact; hdr.aes_meta.curr_round: exact; } size = 3600; actions = { write_v_0_3_a; } }
Eliminated node at line 365: action write_v_1_0_a(bit<32> v){ ig_md.aes_tmp.v10 =v; } table tb_lookup_1_0_t { key = { hdr.aes.s10 : exact; hdr.aes_meta.curr_round: exact; } size = 3600; actions = { write_v_1_0_a; } } action write_v_1_1_a(bit<32> v){ ig_md.aes_tmp.v11 =v; } table tb_lookup_1_1_t { key = { hdr.aes.s11 : exact; hdr.aes_meta.curr_round: exact; } size = 3600; actions = { write_v_1_1_a; } } action write_v_1_2_a(bit<32> v){ ig_md.aes_tmp.v12 =v; } table tb_lookup_1_2_t { key = { hdr.aes.s12 : exact; hdr.aes_meta.curr_round: exact; } size = 3600; actions = { write_v_1_2_a; } } action write_v_1_3_a(bit<32> v){ ig_md.aes_tmp.v13 =v; } table tb_lookup_1_3_t { key = { hdr.aes.s13 : exact; hdr.aes_meta.curr_round: exact; } size = 3600; actions = { write_v_1_3_a; } }
Eliminated node at line 365: action write_v_1_0_a(bit<32> v){ ig_md.aes_tmp.v10 =v; } table tb_lookup_1_0_t { key = { hdr.aes.s10 : exact; hdr.aes_meta.curr_round: exact; } size = 3600; actions = { write_v_1_0_a; } } action write_v_1_1_a(bit<32> v){ ig_md.aes_tmp.v11 =v; } table tb_lookup_1_1_t { key = { hdr.aes.s11 : exact; hdr.aes_meta.curr_round: exact; } size = 3600; actions = { write_v_1_1_a; } } action write_v_1_2_a(bit<32> v){ ig_md.aes_tmp.v12 =v; } table tb_lookup_1_2_t { key = { hdr.aes.s12 : exact; hdr.aes_meta.curr_round: exact; } size = 3600; actions = { write_v_1_2_a; } } action write_v_1_3_a(bit<32> v){ ig_md.aes_tmp.v13 =v; } table tb_lookup_1_3_t { key = { hdr.aes.s13 : exact; hdr.aes_meta.curr_round: exact; } size = 3600; actions = { write_v_1_3_a; } }
Eliminated node at line 365: action write_v_1_0_a(bit<32> v){ ig_md.aes_tmp.v10 =v; } table tb_lookup_1_0_t { key = { hdr.aes.s10 : exact; hdr.aes_meta.curr_round: exact; } size = 3600; actions = { write_v_1_0_a; } } action write_v_1_1_a(bit<32> v){ ig_md.aes_tmp.v11 =v; } table tb_lookup_1_1_t { key = { hdr.aes.s11 : exact; hdr.aes_meta.curr_round: exact; } size = 3600; actions = { write_v_1_1_a; } } action write_v_1_2_a(bit<32> v){ ig_md.aes_tmp.v12 =v; } table tb_lookup_1_2_t { key = { hdr.aes.s12 : exact; hdr.aes_meta.curr_round: exact; } size = 3600; actions = { write_v_1_2_a; } } action write_v_1_3_a(bit<32> v){ ig_md.aes_tmp.v13 =v; } table tb_lookup_1_3_t { key = { hdr.aes.s13 : exact; hdr.aes_meta.curr_round: exact; } size = 3600; actions = { write_v_1_3_a; } }
Eliminated node at line 365: action write_v_1_0_a(bit<32> v){ ig_md.aes_tmp.v10 =v; } table tb_lookup_1_0_t { key = { hdr.aes.s10 : exact; hdr.aes_meta.curr_round: exact; } size = 3600; actions = { write_v_1_0_a; } } action write_v_1_1_a(bit<32> v){ ig_md.aes_tmp.v11 =v; } table tb_lookup_1_1_t { key = { hdr.aes.s11 : exact; hdr.aes_meta.curr_round: exact; } size = 3600; actions = { write_v_1_1_a; } } action write_v_1_2_a(bit<32> v){ ig_md.aes_tmp.v12 =v; } table tb_lookup_1_2_t { key = { hdr.aes.s12 : exact; hdr.aes_meta.curr_round: exact; } size = 3600; actions = { write_v_1_2_a; } } action write_v_1_3_a(bit<32> v){ ig_md.aes_tmp.v13 =v; } table tb_lookup_1_3_t { key = { hdr.aes.s13 : exact; hdr.aes_meta.curr_round: exact; } size = 3600; actions = { write_v_1_3_a; } }
Eliminated node at line 366: action write_v_2_0_a(bit<32> v){ ig_md.aes_tmp.v20 =v; } table tb_lookup_2_0_t { key = { hdr.aes.s20 : exact; hdr.aes_meta.curr_round: exact; } size = 3600; actions = { write_v_2_0_a; } } action write_v_2_1_a(bit<32> v){ ig_md.aes_tmp.v21 =v; } table tb_lookup_2_1_t { key = { hdr.aes.s21 : exact; hdr.aes_meta.curr_round: exact; } size = 3600; actions = { write_v_2_1_a; } } action write_v_2_2_a(bit<32> v){ ig_md.aes_tmp.v22 =v; } table tb_lookup_2_2_t { key = { hdr.aes.s22 : exact; hdr.aes_meta.curr_round: exact; } size = 3600; actions = { write_v_2_2_a; } } action write_v_2_3_a(bit<32> v){ ig_md.aes_tmp.v23 =v; } table tb_lookup_2_3_t { key = { hdr.aes.s23 : exact; hdr.aes_meta.curr_round: exact; } size = 3600; actions = { write_v_2_3_a; } }
Eliminated node at line 366: action write_v_2_0_a(bit<32> v){ ig_md.aes_tmp.v20 =v; } table tb_lookup_2_0_t { key = { hdr.aes.s20 : exact; hdr.aes_meta.curr_round: exact; } size = 3600; actions = { write_v_2_0_a; } } action write_v_2_1_a(bit<32> v){ ig_md.aes_tmp.v21 =v; } table tb_lookup_2_1_t { key = { hdr.aes.s21 : exact; hdr.aes_meta.curr_round: exact; } size = 3600; actions = { write_v_2_1_a; } } action write_v_2_2_a(bit<32> v){ ig_md.aes_tmp.v22 =v; } table tb_lookup_2_2_t { key = { hdr.aes.s22 : exact; hdr.aes_meta.curr_round: exact; } size = 3600; actions = { write_v_2_2_a; } } action write_v_2_3_a(bit<32> v){ ig_md.aes_tmp.v23 =v; } table tb_lookup_2_3_t { key = { hdr.aes.s23 : exact; hdr.aes_meta.curr_round: exact; } size = 3600; actions = { write_v_2_3_a; } }
Eliminated node at line 366: action write_v_2_0_a(bit<32> v){ ig_md.aes_tmp.v20 =v; } table tb_lookup_2_0_t { key = { hdr.aes.s20 : exact; hdr.aes_meta.curr_round: exact; } size = 3600; actions = { write_v_2_0_a; } } action write_v_2_1_a(bit<32> v){ ig_md.aes_tmp.v21 =v; } table tb_lookup_2_1_t { key = { hdr.aes.s21 : exact; hdr.aes_meta.curr_round: exact; } size = 3600; actions = { write_v_2_1_a; } } action write_v_2_2_a(bit<32> v){ ig_md.aes_tmp.v22 =v; } table tb_lookup_2_2_t { key = { hdr.aes.s22 : exact; hdr.aes_meta.curr_round: exact; } size = 3600; actions = { write_v_2_2_a; } } action write_v_2_3_a(bit<32> v){ ig_md.aes_tmp.v23 =v; } table tb_lookup_2_3_t { key = { hdr.aes.s23 : exact; hdr.aes_meta.curr_round: exact; } size = 3600; actions = { write_v_2_3_a; } }
Eliminated node at line 366: action write_v_2_0_a(bit<32> v){ ig_md.aes_tmp.v20 =v; } table tb_lookup_2_0_t { key = { hdr.aes.s20 : exact; hdr.aes_meta.curr_round: exact; } size = 3600; actions = { write_v_2_0_a; } } action write_v_2_1_a(bit<32> v){ ig_md.aes_tmp.v21 =v; } table tb_lookup_2_1_t { key = { hdr.aes.s21 : exact; hdr.aes_meta.curr_round: exact; } size = 3600; actions = { write_v_2_1_a; } } action write_v_2_2_a(bit<32> v){ ig_md.aes_tmp.v22 =v; } table tb_lookup_2_2_t { key = { hdr.aes.s22 : exact; hdr.aes_meta.curr_round: exact; } size = 3600; actions = { write_v_2_2_a; } } action write_v_2_3_a(bit<32> v){ ig_md.aes_tmp.v23 =v; } table tb_lookup_2_3_t { key = { hdr.aes.s23 : exact; hdr.aes_meta.curr_round: exact; } size = 3600; actions = { write_v_2_3_a; } }
Eliminated node at line 367: action write_v_3_0_a(bit<32> v){ ig_md.aes_tmp.v30 =v; } table tb_lookup_3_0_t { key = { hdr.aes.s30 : exact; hdr.aes_meta.curr_round: exact; } size = 3600; actions = { write_v_3_0_a; } } action write_v_3_1_a(bit<32> v){ ig_md.aes_tmp.v31 =v; } table tb_lookup_3_1_t { key = { hdr.aes.s31 : exact; hdr.aes_meta.curr_round: exact; } size = 3600; actions = { write_v_3_1_a; } } action write_v_3_2_a(bit<32> v){ ig_md.aes_tmp.v32 =v; } table tb_lookup_3_2_t { key = { hdr.aes.s32 : exact; hdr.aes_meta.curr_round: exact; } size = 3600; actions = { write_v_3_2_a; } } action write_v_3_3_a(bit<32> v){ ig_md.aes_tmp.v33 =v; } table tb_lookup_3_3_t { key = { hdr.aes.s33 : exact; hdr.aes_meta.curr_round: exact; } size = 3600; actions = { write_v_3_3_a; } }
Eliminated node at line 367: action write_v_3_0_a(bit<32> v){ ig_md.aes_tmp.v30 =v; } table tb_lookup_3_0_t { key = { hdr.aes.s30 : exact; hdr.aes_meta.curr_round: exact; } size = 3600; actions = { write_v_3_0_a; } } action write_v_3_1_a(bit<32> v){ ig_md.aes_tmp.v31 =v; } table tb_lookup_3_1_t { key = { hdr.aes.s31 : exact; hdr.aes_meta.curr_round: exact; } size = 3600; actions = { write_v_3_1_a; } } action write_v_3_2_a(bit<32> v){ ig_md.aes_tmp.v32 =v; } table tb_lookup_3_2_t { key = { hdr.aes.s32 : exact; hdr.aes_meta.curr_round: exact; } size = 3600; actions = { write_v_3_2_a; } } action write_v_3_3_a(bit<32> v){ ig_md.aes_tmp.v33 =v; } table tb_lookup_3_3_t { key = { hdr.aes.s33 : exact; hdr.aes_meta.curr_round: exact; } size = 3600; actions = { write_v_3_3_a; } }
Eliminated node at line 367: action write_v_3_0_a(bit<32> v){ ig_md.aes_tmp.v30 =v; } table tb_lookup_3_0_t { key = { hdr.aes.s30 : exact; hdr.aes_meta.curr_round: exact; } size = 3600; actions = { write_v_3_0_a; } } action write_v_3_1_a(bit<32> v){ ig_md.aes_tmp.v31 =v; } table tb_lookup_3_1_t { key = { hdr.aes.s31 : exact; hdr.aes_meta.curr_round: exact; } size = 3600; actions = { write_v_3_1_a; } } action write_v_3_2_a(bit<32> v){ ig_md.aes_tmp.v32 =v; } table tb_lookup_3_2_t { key = { hdr.aes.s32 : exact; hdr.aes_meta.curr_round: exact; } size = 3600; actions = { write_v_3_2_a; } } action write_v_3_3_a(bit<32> v){ ig_md.aes_tmp.v33 =v; } table tb_lookup_3_3_t { key = { hdr.aes.s33 : exact; hdr.aes_meta.curr_round: exact; } size = 3600; actions = { write_v_3_3_a; } }
Eliminated node at line 367: action write_v_3_0_a(bit<32> v){ ig_md.aes_tmp.v30 =v; } table tb_lookup_3_0_t { key = { hdr.aes.s30 : exact; hdr.aes_meta.curr_round: exact; } size = 3600; actions = { write_v_3_0_a; } } action write_v_3_1_a(bit<32> v){ ig_md.aes_tmp.v31 =v; } table tb_lookup_3_1_t { key = { hdr.aes.s31 : exact; hdr.aes_meta.curr_round: exact; } size = 3600; actions = { write_v_3_1_a; } } action write_v_3_2_a(bit<32> v){ ig_md.aes_tmp.v32 =v; } table tb_lookup_3_2_t { key = { hdr.aes.s32 : exact; hdr.aes_meta.curr_round: exact; } size = 3600; actions = { write_v_3_2_a; } } action write_v_3_3_a(bit<32> v){ ig_md.aes_tmp.v33 =v; } table tb_lookup_3_3_t { key = { hdr.aes.s33 : exact; hdr.aes_meta.curr_round: exact; } size = 3600; actions = { write_v_3_3_a; } }
Eliminated node at line 465: incr_and_recirc;
Eliminated node at line 467: do_not_recirc_final_xor;
Eliminated node at line 507: tb_lookup_0_0_t.apply();
Eliminated node at line 508: tb_lookup_0_1_t.apply();
Eliminated node at line 509: tb_lookup_0_2_t.apply();
Eliminated node at line 510: tb_lookup_0_3_t.apply();
Eliminated node at line 511: tb_lookup_1_0_t.apply();
Eliminated node at line 512: tb_lookup_1_1_t.apply();
Eliminated node at line 513: tb_lookup_1_2_t.apply();
Eliminated node at line 514: tb_lookup_1_3_t.apply();
Eliminated node at line 515: tb_lookup_2_0_t.apply();
Eliminated node at line 516: tb_lookup_2_1_t.apply();
Eliminated node at line 517: tb_lookup_2_2_t.apply();
Eliminated node at line 518: tb_lookup_2_3_t.apply();
Eliminated node at line 519: tb_lookup_3_0_t.apply();
Eliminated node at line 520: tb_lookup_3_1_t.apply();
Eliminated node at line 521: tb_lookup_3_2_t.apply();
Eliminated node at line 522: tb_lookup_3_3_t.apply();
Replaced node at line 533: tb_recirc_decision.apply(); with do_not_recirc();
statement_count_before:132
statement_count_after:114
cyclomatic_complexity:28
num_parsers_paths:13
num_updates_processed:0
num_respecializations:0

