Replaced node at line 185: tbl_compute_hash.apply(); with compute_hash();
Replaced node at line 186: tbl_update_bloom_filter.apply(); with update_bloom_filter();
Replaced node at line 189: tbl_drop_table.apply(); with drop();
Replaced node at line 341: tbl_do_add_timestamp.apply(); with do_add_timestamp();
Eliminated node at line (unknown): 
Eliminated node at line 344: if (!do_bytes_count_malicious_egress.apply().hit){
Replaced node at line 347: do_bytes_count_benign_egress.apply(); with bytes_count_benign_egress();
statement_count_before:29
statement_count_after:29
cyclomatic_complexity:10
num_parsers_paths:6

