Replaced node at line 237: tbl_do_add_timestamp.apply(); with do_add_timestamp();
Eliminated node at line (unknown): 
Eliminated node at line 240: if (!do_bytes_count_malicious_egress.apply().hit){
Replaced node at line 243: do_bytes_count_benign_egress.apply(); with bytes_count_benign_egress();
statement_count_before:17
statement_count_after:17
cyclomatic_complexity:5
num_parsers_paths:4

