Eliminated node at line 265: port_mapping.apply();
Eliminated node at line 266: port_vlan_to_bd_mapping.apply();
Eliminated node at line 213: validate_ethernet.apply();
Eliminated node at line 215: validate_ipv4.apply();
Eliminated node at line 217: validate_ipv6.apply();
Eliminated node at line 606: rmac_hit : {
Eliminated node at line 503: NoAction : { ecmp.apply(); }
Eliminated node at line 507: if (routed) {
Replaced node at line 305: dmac.apply(); with mac_dmac_miss_0/dmac_miss();
Eliminated node at line 551: lag.apply();
Eliminated node at line 797: ipv6_rewrite.apply();
Eliminated node at line 798: srh_rewrite.apply();
statement_count_before:372
statement_count_after:357
cyclomatic_complexity:164
num_parsers_paths:277

