Eliminated node at line 246: forward_single_field_single_slice.apply();
Eliminated node at line 247: forward_single_field_single_slice_ternary.apply();
Eliminated node at line 248: forward_single_field_single_slice_lpm.apply();
Eliminated node at line 249: forward_single_field_single_slice_range.apply();
Eliminated node at line 250: forward_single_field_multi_slice.apply();
Eliminated node at line 251: forward_multi_field_multi_slice.apply();
Eliminated node at line 253: forward_single_field_single_slice_lpm_alias.apply();
Eliminated node at line 254: forward_single_field_multi_slice_alias.apply();
Eliminated node at line 255: forward_multi_field_multi_slice_alias.apply();
statement_count_before:26
statement_count_after:17
cyclomatic_complexity:21
num_parsers_paths:5

