Eliminated node at line 97: hit;
Eliminated node at line 119: route;
Replaced node at line 128: forward.apply(); with miss();
Eliminated node at line 129: alpm_forward.apply();
Replaced node at line 92: vrf : exact; with 0
Replaced node at line 114: vrf : exact; with 0
statement_count_before:16
statement_count_after:15
cyclomatic_complexity:4
num_parsers_paths:4
num_updates_processed:0
num_respecializations:0

