Eliminated node at line 202: ing_port.apply();
Eliminated node at line 203: ing_src_ifid.apply();
Replaced node at line 204: ing_dmac.apply(); with const default_action = flood;
Eliminated node at line 205: if (ig_md.l3 == 1) {
statement_count_before:28
statement_count_after:25
cyclomatic_complexity:14
num_parsers_paths:6

