Eliminated node at line 90: hit;
Eliminated node at line 120: route;
Eliminated node at line 121: nat;
Replaced node at line 128: forward.apply(); with miss();
Eliminated node at line 130: ipRoute.apply();
Replaced node at line 115: vrf : exact; with 0
statement_count_before:20
statement_count_after:19
cyclomatic_complexity:4
num_parsers_paths:3
num_updates_processed:0
num_respecializations:0

