Eliminated node at line 457: t_l1_forwarding.apply();
Eliminated node at line 458: t_l2_forwarding.apply();
Eliminated node at line 462: t_l3_forwarding.apply();
Eliminated node at line 467: t_add_empty_timestamp_tcp.apply();
Eliminated node at line 468: if(meta.l4_metadata.new_offset > 0){
Eliminated node at line 474: t_timestamp2_tcp.apply();
Eliminated node at line 480: t_add_empty_timestamp_udp.apply();
Eliminated node at line 483: t_timestamp2_udp.apply();
Eliminated node at line 488: if(meta.l4_metadata.added_empty_header == 1w0x1 || meta.l4_metadata.timestamp2 == 1w0x1){
Eliminated node at line 492: if(meta.l4_metadata.timestamp2 == 1w0x1){
Eliminated node at line 510: if(meta.l4_metadata.added_empty_header == 1w0x1){
Eliminated node at line 541: if(meta.l4_metadata.updateChecksum == 1w0x1){
Eliminated node at line 856: broadcast_mac.apply();
Eliminated node at line 867: t_mark_duplicate.apply();
Replaced node at line 248: } else if(meta.timestamp_metadata.delta < min_value) { with 0
Replaced node at line 257: if (meta.timestamp_metadata.delta > max_value) { with 0
Replaced node at line 268: if(counter >= (bit<32>)meta.l4_metadata.threshold_multicast) { with 0
Replaced node at line 401: ig_intr_tm_md.ucast_egress_port : exact; with 0
Replaced node at line 423: ig_intr_tm_md.ucast_egress_port : exact; with 0
Replaced node at line 444: ig_intr_tm_md.ucast_egress_port : exact; with 0
Replaced node at line 468: if(meta.l4_metadata.new_offset > 0){ with 0
Replaced node at line 473: if(hdr.tcp_options_128bit_custom.myType == 16w0x0f10 && meta.l4_metadata.added_empty_header == 0){ with 0
Replaced node at line 482: if(hdr.tcp_options_128bit_custom.myType == 16w0x0f10 && meta.l4_metadata.added_empty_header == 0){ with 0
Replaced node at line 488: if(meta.l4_metadata.added_empty_header == 1w0x1 || meta.l4_metadata.timestamp2 == 1w0x1){ with 0
Replaced node at line 488: if(meta.l4_metadata.added_empty_header == 1w0x1 || meta.l4_metadata.timestamp2 == 1w0x1){ with 0
Replaced node at line 492: if(meta.l4_metadata.timestamp2 == 1w0x1){ with 0
Replaced node at line 510: if(meta.l4_metadata.added_empty_header == 1w0x1){ with 0
Replaced node at line 541: if(meta.l4_metadata.updateChecksum == 1w0x1){ with 0
statement_count_before:153
statement_count_after:134
cyclomatic_complexity:71
num_parsers_paths:87

