Eliminated node at line 457: t_l1_forwarding.apply();
Eliminated node at line 458: t_l2_forwarding.apply();
Eliminated node at line 462: t_l3_forwarding.apply();
Eliminated node at line 467: t_add_empty_timestamp_tcp.apply();
Eliminated node at line 468: if(meta.l4_metadata.new_offset > 0){
Eliminated node at line 474: t_timestamp2_tcp.apply();
Eliminated node at line 480: t_add_empty_timestamp_udp.apply();
Eliminated node at line 483: t_timestamp2_udp.apply();
Eliminated node at line 488: if(meta.l4_metadata.added_empty_header == 1w0x1 || meta.l4_metadata.timestamp2 == 1w0x1){
Eliminated node at line 492: if(meta.l4_metadata.timestamp2 == 1w0x1){
Eliminated node at line 510: if(meta.l4_metadata.added_empty_header == 1w0x1){
Eliminated node at line 541: if(meta.l4_metadata.updateChecksum == 1w0x1){
Eliminated node at line 856: broadcast_mac.apply();
Eliminated node at line 867: t_mark_duplicate.apply();
statement_count_before:156
statement_count_after:134
cyclomatic_complexity:71

