Eliminated node at line 52: actions = { drop; NoAction; }
Eliminated node at line 59: actions = { drop; NoAction; }
Eliminated node at line 65: indirect.apply();
Eliminated node at line 66: indirect_ws.apply();
Replaced node at line 58: key = { meta.hash1 : selector; } with 0
statement_count_before:4
statement_count_after:2
cyclomatic_complexity:6
num_parsers_paths:1
num_updates_processed:0
num_respecializations:0

