Eliminated node at line 69: actions = {actTbl; drop;}
Eliminated node at line 77: if (hdr.ipv4.isValid()) {
Replaced node at line 67: hdr.ipv4.dstAddr : exact; with 0
statement_count_before:2
statement_count_after:1
cyclomatic_complexity:2
num_parsers_paths:1
num_updates_processed:0
num_respecializations:0

