Eliminated node at line 95: rewrite_mac;
Eliminated node at line 96: _drop;
Eliminated node at line 106: send_frame.apply();
Eliminated node at line 141: _drop;
Eliminated node at line 142: set_ecmp_select;
Eliminated node at line 153: _drop;
Eliminated node at line 154: set_nhop;
Eliminated node at line 165: lookup_flowlet_map;
Eliminated node at line 172: set_dmac;
Eliminated node at line 173: _drop;
Eliminated node at line 184: update_flowlet_id;
Eliminated node at line 191: flowlet.apply();
Eliminated node at line 192: if (meta.ingress_metadata.flow_ipg > 32w50000)
Eliminated node at line 195: ecmp_group.apply();
Eliminated node at line 196: ecmp_nhop.apply();
Eliminated node at line 197: forward.apply();
Replaced node at line 100: standard_metadata.egress_port: exact; with 0
Replaced node at line 158: meta.ingress_metadata.ecmp_offset: exact; with 0
Replaced node at line 177: meta.ingress_metadata.nhop_ipv4: exact; with 0
Replaced node at line 192: if (meta.ingress_metadata.flow_ipg > 32w50000) with 0
statement_count_before:32
statement_count_after:26
cyclomatic_complexity:27
num_parsers_paths:3
num_updates_processed:0
num_respecializations:0

