Eliminated node at line 33: dummy_action();
Eliminated node at line 41: dummy_action();
Eliminated node at line 46: dummy_action: {
Eliminated node at line (unknown): 
statement_count_before:7
statement_count_after:3
cyclomatic_complexity:7
num_parsers_paths:1
num_updates_processed:0
num_respecializations:0

