Eliminated node at line 65: do_something();
Eliminated node at line 73: do_something: {
Eliminated node at line 78: if (tmp_condition > 0) {
Replaced node at line 78: if (tmp_condition > 0) { with 0
statement_count_before:8
statement_count_after:6
cyclomatic_complexity:4
num_parsers_paths:1
num_updates_processed:0
num_respecializations:0

