Eliminated node at line 99: log_msg("f() returned a valid header");
Eliminated node at line 104: log_msg("g() returned a header_union with valid member h");
Eliminated node at line 109: log_msg("h() returned a header stack with valid element 0");
statement_count_before:22
statement_count_after:19
cyclomatic_complexity:4
num_parsers_paths:1

