Eliminated node at line 105: on_miss;
Eliminated node at line 106: rewrite_src_dst_mac;
Eliminated node at line 114: rewrite_mac.apply();
Eliminated node at line 136: set_vrf;
Eliminated node at line 145: on_miss;
Eliminated node at line 146: fib_hit_nexthop;
Eliminated node at line 156: on_miss;
Eliminated node at line 157: fib_hit_nexthop;
Eliminated node at line 167: on_miss;
Eliminated node at line 168: set_egress_details;
Eliminated node at line 177: set_bd;
Eliminated node at line 186: port_mapping.apply();
Eliminated node at line 187: bd.apply();
Eliminated node at line 189: on_miss: {
Eliminated node at line 194: nexthop.apply();
Replaced node at line 109: meta.ingress_metadata.nexthop_index: exact; with 0
Replaced node at line 139: meta.ingress_metadata.bd: exact; with 0
Replaced node at line 149: meta.ingress_metadata.vrf: exact; with 0
Replaced node at line 160: meta.ingress_metadata.vrf: exact; with 0
Replaced node at line 171: meta.ingress_metadata.nexthop_index: exact; with 0
statement_count_before:20
statement_count_after:15
cyclomatic_complexity:19
num_parsers_paths:9
num_updates_processed:0
num_respecializations:0

