Replaced node at line 306: ipv4_da_lpm.apply(); with my_drop_2/my_drop();
Replaced node at line 307: mac_da.apply(); with my_drop_3/my_drop();
Replaced node at line 330: send_frame.apply(); with my_drop_4/my_drop();
statement_count_before:98
statement_count_after:98
cyclomatic_complexity:36
num_parsers_paths:59

