Eliminated node at line 40: case1;
Eliminated node at line 41: case2;
Eliminated node at line 42: case3;
Replaced node at line 46: apply { t.apply(); } with case0();
statement_count_before:7
statement_count_after:7
cyclomatic_complexity:3
num_parsers_paths:1
num_updates_processed:0
num_respecializations:0

