Eliminated node at line 803: acl_pre_ingress_table.apply();
Eliminated node at line 554: l3_admit_table.apply();
Eliminated node at line 418: vrf_table.apply();
Eliminated node at line 421: ipv4_table.apply();
Eliminated node at line 423: ipv6_table.apply();
Eliminated node at line 425: if (wcmp_group_id_valid) {
Eliminated node at line 428: if (nexthop_id_valid) {
Eliminated node at line 750: acl_ingress_table.apply();
Eliminated node at line 527: if (local_metadata.mirror_session_id_valid) {
Eliminated node at line 454: if (standard_metadata.instance_type == 1) {
Eliminated node at line 640: acl_egress_table.apply();
