Eliminated node at line 984: ipv6_tunnel_termination_table.apply();
Eliminated node at line 854: disable_vlan_checks_table.apply();
Eliminated node at line 1532: acl_pre_ingress_table.apply();
Eliminated node at line 992: if (local_metadata.apply_tunnel_decap_at_end_of_pre_ingress) {
Eliminated node at line 791: l3_admit_table.apply();
Eliminated node at line 523: vrf_table.apply();
Replaced node at line 526: ipv4_table.apply(); with routing_lookup_drop_0/drop();
Eliminated node at line 527: ipv4_multicast_table.apply();
Replaced node at line 530: ipv6_table.apply(); with routing_lookup_drop_1/drop();
Eliminated node at line 531: ipv6_multicast_table.apply();
Eliminated node at line 1394: acl_ingress_table.apply();
Eliminated node at line 1395: acl_ingress_mirror_and_redirect_table.apply();
Eliminated node at line 1396: acl_ingress_security_table.apply();
Eliminated node at line 1397: if (cancel_copy) {
Eliminated node at line 649: if (local_metadata.wcmp_group_id_valid) {
Eliminated node at line 652: if (local_metadata.nexthop_id_valid) {
Eliminated node at line 665: if (local_metadata.acl_drop) {
Eliminated node at line 734: if (local_metadata.marked_to_mirror) {
Eliminated node at line 704: ingress_clone_table.apply();
Eliminated node at line (unknown): 
Eliminated node at line 928: multicast_router_interface_table.apply();
Eliminated node at line 938: if (local_metadata.enable_src_mac_rewrite) {
Eliminated node at line 941: if (local_metadata.enable_dst_mac_rewrite) {
Eliminated node at line 944: if (local_metadata.enable_vlan_rewrite) {
Eliminated node at line 798: if (local_metadata.apply_tunnel_encap_at_egress) {
Eliminated node at line 742: if (standard_metadata.instance_type == 1 && standard_metadata.egress_rid == 2) {
Eliminated node at line 870: mark_to_drop(standard_metadata);
Eliminated node at line 1099: acl_egress_table.apply();
Eliminated node at line 1100: if (local_metadata.acl_drop) {
Replaced node at line 551: neighbor_id_value : exact @id(2) @format(IPV6_ADDRESS) @name("neighbor_id"); with 0
Replaced node at line 1046: (port_id_t)standard_metadata.egress_port : optional @id(4) @name("out_port") @sai_field(SAI_ACL_TABLE_ATTR_FIELD_OUT_PORT); with 0
Replaced node at line 1612: if (!(standard_metadata.instance_type == 1 && standard_metadata.egress_rid == 1)) { with 0
Replaced node at line 742: if (standard_metadata.instance_type == 1 && standard_metadata.egress_rid == 2) { with 0
Replaced node at line 869: if (standard_metadata.instance_type == 1 && standard_metadata.egress_rid == 2 && !(local_metadata.mirror_encap_vlan_id == NO_VLAN_ID || local_metadata.mirror_encap_vlan_id == INTERNAL_VLAN_ID)) { with 0
Replaced node at line 869: if (standard_metadata.instance_type == 1 && standard_metadata.egress_rid == 2 && !(local_metadata.mirror_encap_vlan_id == NO_VLAN_ID || local_metadata.mirror_encap_vlan_id == INTERNAL_VLAN_ID)) { with 0
Replaced node at line 869: if (standard_metadata.instance_type == 1 && standard_metadata.egress_rid == 2 && !(local_metadata.mirror_encap_vlan_id == NO_VLAN_ID || local_metadata.mirror_encap_vlan_id == INTERNAL_VLAN_ID)) { with 0
Replaced node at line 871: } else if (!(standard_metadata.instance_type == 1 && standard_metadata.egress_rid == 1) && !(local_metadata.vlan_id == NO_VLAN_ID || local_metadata.vlan_id == INTERNAL_VLAN_ID)) { with 0
Replaced node at line 880: if (!(local_metadata.vlan_id == NO_VLAN_ID || local_metadata.vlan_id == INTERNAL_VLAN_ID) && !(standard_metadata.instance_type == 1 && standard_metadata.egress_rid == 2)) { with 0
statement_count_before:346
statement_count_after:266
cyclomatic_complexity:153
num_parsers_paths:208

