Eliminated node at line 985: @proto_id(1) mark_for_tunnel_decap_and_set_vrf;
Eliminated node at line 849: @proto_id(1) disable_vlan_checks;
Eliminated node at line 1477: @proto_id(1) set_vrf;
Eliminated node at line 789: @proto_id(1) admit_to_l3;
Eliminated node at line 484: @proto_id(2) set_nexthop_id(local_metadata);
Eliminated node at line 485: @proto_id(3) set_wcmp_group_id;
Eliminated node at line 486: @proto_id(5) set_nexthop_id_and_metadata;
Eliminated node at line 487: @proto_id(6) set_wcmp_group_id_and_metadata;
Eliminated node at line 488: @proto_id(7) set_metadata_and_drop;
Eliminated node at line 500: @proto_id(2) set_nexthop_id(local_metadata);
Eliminated node at line 501: @proto_id(3) set_wcmp_group_id;
Eliminated node at line 502: @proto_id(5) set_nexthop_id_and_metadata;
Eliminated node at line 503: @proto_id(6) set_wcmp_group_id_and_metadata;
Eliminated node at line 504: @proto_id(7) set_metadata_and_drop;
Eliminated node at line 515: @proto_id(1) set_multicast_group_id;
Eliminated node at line 525: @proto_id(1) set_multicast_group_id;
Eliminated node at line 1223: @proto_id(1) acl_copy();
Eliminated node at line 1224: @proto_id(2) acl_trap();
Eliminated node at line 1225: @proto_id(3) acl_forward();
Eliminated node at line 1226: @proto_id(4) acl_mirror();
Eliminated node at line 1227: @proto_id(5) acl_drop(local_metadata);
Eliminated node at line 1277: @proto_id(1) set_qos_queue_and_cancel_copy_above_rate_limit();
Eliminated node at line 1278: @proto_id(2) set_cpu_queue_and_deny_above_rate_limit();
Eliminated node at line 1279: @proto_id(3) acl_forward();
Eliminated node at line 1280: @proto_id(4) acl_drop(local_metadata);
Eliminated node at line 1281: @proto_id(5) set_cpu_queue();
Eliminated node at line 1282: @proto_id(6) set_cpu_and_multicast_queues_and_deny_above_rate_limit();
Eliminated node at line 1309: @proto_id(3) acl_count();
Eliminated node at line 562: @proto_id(1) set_dst_mac;
Eliminated node at line 583: @proto_id(1) set_port_and_src_mac;
Eliminated node at line 584: @proto_id(2) set_port_and_src_mac_and_vlan_id;
Eliminated node at line 615: @proto_id(1) set_nexthop;
Eliminated node at line 616: @proto_id(2) set_p2p_tunnel_encap_nexthop;
Eliminated node at line 617: @proto_id(3) set_ip_nexthop;
Eliminated node at line 618: @proto_id(4) set_ip_nexthop_and_disable_rewrites;
Eliminated node at line 635: @proto_id(1) mark_for_p2p_tunnel_encap;
Eliminated node at line 648: @proto_id(1) set_nexthop_id(local_metadata);
Eliminated node at line 734: @proto_id(1) mirror_as_ipv4_erspan;
Eliminated node at line 735: @proto_id(2) mirror_with_vlan_tag_and_ipfix_encapsulation;
Eliminated node at line 708: @proto_id(1) ingress_clone;
Eliminated node at line 992: ipv6_tunnel_termination_table.apply();
Eliminated node at line 862: disable_vlan_checks_table.apply();
Eliminated node at line 1554: acl_pre_ingress_table.apply();
Eliminated node at line 1000: if (local_metadata.apply_tunnel_decap_at_end_of_pre_ingress) {
Eliminated node at line 799: l3_admit_table.apply();
Eliminated node at line 531: vrf_table.apply();
Replaced node at line 534: ipv4_table.apply(); with routing_lookup_drop_0/drop();
Eliminated node at line 535: ipv4_multicast_table.apply();
Replaced node at line 538: ipv6_table.apply(); with routing_lookup_drop_1/drop();
Eliminated node at line 539: ipv6_multicast_table.apply();
Eliminated node at line 1415: acl_ingress_table.apply();
Eliminated node at line 1416: acl_ingress_counting_table.apply();
Eliminated node at line 1417: acl_ingress_qos_table.apply();
Eliminated node at line 657: if (local_metadata.wcmp_group_id_valid) {
Eliminated node at line 660: if (local_metadata.nexthop_id_valid) {
Eliminated node at line 673: if (local_metadata.acl_drop) {
Eliminated node at line 742: if (local_metadata.marked_to_mirror) {
Eliminated node at line 712: ingress_clone_table.apply();
Eliminated node at line 931: @proto_id(1) set_multicast_src_mac;
Eliminated node at line 1063: @proto_id(1) acl_drop(local_metadata);
Eliminated node at line (unknown): 
Eliminated node at line 936: multicast_router_interface_table.apply();
Eliminated node at line 946: if (local_metadata.enable_src_mac_rewrite) {
Eliminated node at line 949: if (local_metadata.enable_dst_mac_rewrite) {
Eliminated node at line 952: if (local_metadata.enable_vlan_rewrite) {
Eliminated node at line 806: if (local_metadata.apply_tunnel_encap_at_egress) {
Eliminated node at line 750: if (standard_metadata.instance_type == 1 && standard_metadata.egress_rid == 2) {
Eliminated node at line 878: mark_to_drop(standard_metadata);
Eliminated node at line 1109: acl_egress_table.apply();
Eliminated node at line 1110: if (local_metadata.acl_drop) {
Replaced node at line 1220: local_metadata.route_metadata : optional @id(18) @name("route_metadata") @sai_field(SAI_ACL_TABLE_ATTR_FIELD_ROUTE_DST_USER_META); with 0
Replaced node at line 1274: local_metadata.route_metadata : ternary @id(15) @name("route_metadata") @sai_field(SAI_ACL_TABLE_ATTR_FIELD_ROUTE_DST_USER_META); with 0
Replaced node at line 1306: local_metadata.route_metadata : ternary @id(18) @name("route_metadata") @sai_field(SAI_ACL_TABLE_ATTR_FIELD_ROUTE_DST_USER_META); with 0
Replaced node at line 559: neighbor_id_value : exact @id(2) @format(IPV6_ADDRESS) @name("neighbor_id"); with 0
Replaced node at line 920: replica_instance_t multicast_replica_instance = standard_metadata.egress_rid; with 0
Replaced node at line 1056: (port_id_t)standard_metadata.egress_port : optional @id(4) @name("out_port") @sai_field(SAI_ACL_TABLE_ATTR_FIELD_OUT_PORT); with 0
Replaced node at line 1635: if (!(standard_metadata.instance_type == 1 && standard_metadata.egress_rid == 1)) { with 0
Replaced node at line 750: if (standard_metadata.instance_type == 1 && standard_metadata.egress_rid == 2) { with 0
Replaced node at line 877: if (standard_metadata.instance_type == 1 && standard_metadata.egress_rid == 2 && !(local_metadata.mirror_encap_vlan_id == NO_VLAN_ID || local_metadata.mirror_encap_vlan_id == INTERNAL_VLAN_ID)) { with 0
Replaced node at line 877: if (standard_metadata.instance_type == 1 && standard_metadata.egress_rid == 2 && !(local_metadata.mirror_encap_vlan_id == NO_VLAN_ID || local_metadata.mirror_encap_vlan_id == INTERNAL_VLAN_ID)) { with 0
Replaced node at line 877: if (standard_metadata.instance_type == 1 && standard_metadata.egress_rid == 2 && !(local_metadata.mirror_encap_vlan_id == NO_VLAN_ID || local_metadata.mirror_encap_vlan_id == INTERNAL_VLAN_ID)) { with 0
Replaced node at line 879: } else if (!(standard_metadata.instance_type == 1 && standard_metadata.egress_rid == 1) && !(local_metadata.vlan_id == NO_VLAN_ID || local_metadata.vlan_id == INTERNAL_VLAN_ID)) { with 0
Replaced node at line 888: if (!(local_metadata.vlan_id == NO_VLAN_ID || local_metadata.vlan_id == INTERNAL_VLAN_ID) && !(standard_metadata.instance_type == 1 && standard_metadata.egress_rid == 2)) { with 0
statement_count_before:342
statement_count_after:261
cyclomatic_complexity:154
num_parsers_paths:208
num_updates_processed:0
num_respecializations:0

