Eliminated node at line 803: acl_pre_ingress_table.apply();
Eliminated node at line 554: l3_admit_table.apply();
Eliminated node at line 418: vrf_table.apply();
Replaced node at line 421: ipv4_table.apply(); with routing_drop_0/drop();
Replaced node at line 423: ipv6_table.apply(); with routing_drop_1/drop();
Eliminated node at line 425: if (wcmp_group_id_valid) {
Eliminated node at line 428: if (nexthop_id_valid) {
Eliminated node at line 750: acl_ingress_table.apply();
Eliminated node at line 527: if (local_metadata.mirror_session_id_valid) {
Eliminated node at line 640: acl_egress_table.apply();
Replaced node at line 786: local_metadata.ingress_port : optional @name("in_port") @id(8) @sai_field(SAI_ACL_TABLE_ATTR_FIELD_IN_PORT); with 0
Replaced node at line 544: local_metadata.ingress_port: optional @name("in_port") @id(2); with 0
Replaced node at line 275: router_interface_id_value: exact @id(1) @name("router_interface_id") @refers_to(router_interface_table , router_interface_id); with 0
Replaced node at line 276: neighbor_id_value : exact @id(2) @format(IPV6_ADDRESS) @name("neighbor_id"); with 0
Replaced node at line 291: router_interface_id_value: exact @id(1) @name("router_interface_id"); with 0
Replaced node at line 311: nexthop_id_value: exact @id(1) @name("nexthop_id"); with 0
Replaced node at line 333: wcmp_group_id_value : exact @id(1) @name("wcmp_group_id"); with 0
Replaced node at line 334: local_metadata.wcmp_selector_input: selector; with 0
Replaced node at line 355: local_metadata.vrf_id: exact @id(1) @name("vrf_id"); with 0
Replaced node at line 384: local_metadata.vrf_id: exact @id(1) @name("vrf_id") @refers_to(vrf_table , vrf_id); with 0
Replaced node at line 401: local_metadata.vrf_id: exact @id(1) @name("vrf_id") @refers_to(vrf_table , vrf_id); with 0
Replaced node at line 721: local_metadata.ingress_port : optional @name("in_port") @id(17) @sai_field(SAI_ACL_TABLE_ATTR_FIELD_IN_PORT); with 0
Replaced node at line 722: local_metadata.route_metadata : optional @name("route_metadata") @id(18) @sai_field(SAI_ACL_TABLE_ATTR_FIELD_ROUTE_DST_USER_META); with 0
Replaced node at line 504: local_metadata.mirror_session_id_value: exact @id(1) @name("mirror_session_id"); with 0
Replaced node at line 518: mirror_port: exact @id(1); with 0
Replaced node at line 616: (port_id_t)standard_metadata.egress_port : optional @name("out_port") @id(4) @sai_field(SAI_ACL_TABLE_ATTR_FIELD_OUT_PORT); with 0
statement_count_before:191
statement_count_after:181
cyclomatic_complexity:75
num_parsers_paths:10

