Eliminated node at line 510: l3_admit_table.apply();
Eliminated node at line 412: vrf_table.apply();
Eliminated node at line 413: if (local_metadata.admit_to_l3) {
Eliminated node at line 612: acl_wbb_ingress_table.apply();
Eliminated node at line 516: if (local_metadata.admit_to_l3) {
Eliminated node at line 483: if (local_metadata.mirror_session_id_valid) {
Eliminated node at line 537: if (local_metadata.admit_to_l3) {
Replaced node at line 500: local_metadata.ingress_port: optional @name("in_port") @id(2); with 0
Replaced node at line 275: router_interface_id_value: exact @id(1) @name("router_interface_id") @refers_to(router_interface_table , router_interface_id); with 0
Replaced node at line 276: neighbor_id_value : exact @id(2) @format(IPV6_ADDRESS) @name("neighbor_id"); with 0
Replaced node at line 291: router_interface_id_value: exact @id(1) @name("router_interface_id"); with 0
Replaced node at line 311: nexthop_id_value: exact @id(1) @name("nexthop_id"); with 0
Replaced node at line 333: wcmp_group_id_value : exact @id(1) @name("wcmp_group_id"); with 0
Replaced node at line 334: local_metadata.wcmp_selector_input: selector; with 0
Replaced node at line 355: local_metadata.vrf_id: exact @id(1) @name("vrf_id"); with 0
Replaced node at line 380: local_metadata.vrf_id: exact @id(1) @name("vrf_id") @refers_to(vrf_table , vrf_id); with 0
Replaced node at line 396: local_metadata.vrf_id: exact @id(1) @name("vrf_id") @refers_to(vrf_table , vrf_id); with 0
Replaced node at line 460: local_metadata.mirror_session_id_value: exact @id(1) @name("mirror_session_id"); with 0
Replaced node at line 474: mirror_port: exact @id(1); with 0
statement_count_before:116
statement_count_after:100
cyclomatic_complexity:57
num_parsers_paths:10

