Eliminated node at line 741: acl_pre_ingress_table.apply();
Eliminated node at line 548: l3_admit_table.apply();
Eliminated node at line 412: vrf_table.apply();
Replaced node at line 415: ipv4_table.apply(); with routing_drop_0/drop();
Replaced node at line 417: ipv6_table.apply(); with routing_drop_1/drop();
Eliminated node at line 419: if (wcmp_group_id_valid) {
Eliminated node at line 422: if (nexthop_id_valid) {
Eliminated node at line 689: acl_ingress_table.apply();
Eliminated node at line 521: if (local_metadata.mirror_session_id_valid) {
Replaced node at line 441: update_checksum(headers.erspan_ipv4.isValid(), { headers.erspan_ipv4.version, headers.erspan_ipv4.ihl, headers.erspan_ipv4.dscp, headers.erspan_ipv4.ecn, headers.erspan_ipv4.total_len, headers.erspan_ipv4.identification, headers.erspan_ipv4.reserved, headers.erspan_ipv4.do_not_fragment, headers.erspan_ipv4.more_fragments, headers.erspan_ipv4.frag_offset, headers.erspan_ipv4.ttl, headers.erspan_ipv4.protocol, headers.erspan_ipv4.src_addr, headers.erspan_ipv4.dst_addr }, headers.erspan_ipv4.header_checksum, HashAlgorithm.csum16); with 0
Replaced node at line 441: update_checksum(headers.erspan_ipv4.isValid(), { headers.erspan_ipv4.version, headers.erspan_ipv4.ihl, headers.erspan_ipv4.dscp, headers.erspan_ipv4.ecn, headers.erspan_ipv4.total_len, headers.erspan_ipv4.identification, headers.erspan_ipv4.reserved, headers.erspan_ipv4.do_not_fragment, headers.erspan_ipv4.more_fragments, headers.erspan_ipv4.frag_offset, headers.erspan_ipv4.ttl, headers.erspan_ipv4.protocol, headers.erspan_ipv4.src_addr, headers.erspan_ipv4.dst_addr }, headers.erspan_ipv4.header_checksum, HashAlgorithm.csum16); with 0
Replaced node at line 441: update_checksum(headers.erspan_ipv4.isValid(), { headers.erspan_ipv4.version, headers.erspan_ipv4.ihl, headers.erspan_ipv4.dscp, headers.erspan_ipv4.ecn, headers.erspan_ipv4.total_len, headers.erspan_ipv4.identification, headers.erspan_ipv4.reserved, headers.erspan_ipv4.do_not_fragment, headers.erspan_ipv4.more_fragments, headers.erspan_ipv4.frag_offset, headers.erspan_ipv4.ttl, headers.erspan_ipv4.protocol, headers.erspan_ipv4.src_addr, headers.erspan_ipv4.dst_addr }, headers.erspan_ipv4.header_checksum, HashAlgorithm.csum16); with 0
Replaced node at line 441: update_checksum(headers.erspan_ipv4.isValid(), { headers.erspan_ipv4.version, headers.erspan_ipv4.ihl, headers.erspan_ipv4.dscp, headers.erspan_ipv4.ecn, headers.erspan_ipv4.total_len, headers.erspan_ipv4.identification, headers.erspan_ipv4.reserved, headers.erspan_ipv4.do_not_fragment, headers.erspan_ipv4.more_fragments, headers.erspan_ipv4.frag_offset, headers.erspan_ipv4.ttl, headers.erspan_ipv4.protocol, headers.erspan_ipv4.src_addr, headers.erspan_ipv4.dst_addr }, headers.erspan_ipv4.header_checksum, HashAlgorithm.csum16); with 0
Replaced node at line 441: update_checksum(headers.erspan_ipv4.isValid(), { headers.erspan_ipv4.version, headers.erspan_ipv4.ihl, headers.erspan_ipv4.dscp, headers.erspan_ipv4.ecn, headers.erspan_ipv4.total_len, headers.erspan_ipv4.identification, headers.erspan_ipv4.reserved, headers.erspan_ipv4.do_not_fragment, headers.erspan_ipv4.more_fragments, headers.erspan_ipv4.frag_offset, headers.erspan_ipv4.ttl, headers.erspan_ipv4.protocol, headers.erspan_ipv4.src_addr, headers.erspan_ipv4.dst_addr }, headers.erspan_ipv4.header_checksum, HashAlgorithm.csum16); with 0
Replaced node at line 441: update_checksum(headers.erspan_ipv4.isValid(), { headers.erspan_ipv4.version, headers.erspan_ipv4.ihl, headers.erspan_ipv4.dscp, headers.erspan_ipv4.ecn, headers.erspan_ipv4.total_len, headers.erspan_ipv4.identification, headers.erspan_ipv4.reserved, headers.erspan_ipv4.do_not_fragment, headers.erspan_ipv4.more_fragments, headers.erspan_ipv4.frag_offset, headers.erspan_ipv4.ttl, headers.erspan_ipv4.protocol, headers.erspan_ipv4.src_addr, headers.erspan_ipv4.dst_addr }, headers.erspan_ipv4.header_checksum, HashAlgorithm.csum16); with 0
Replaced node at line 441: update_checksum(headers.erspan_ipv4.isValid(), { headers.erspan_ipv4.version, headers.erspan_ipv4.ihl, headers.erspan_ipv4.dscp, headers.erspan_ipv4.ecn, headers.erspan_ipv4.total_len, headers.erspan_ipv4.identification, headers.erspan_ipv4.reserved, headers.erspan_ipv4.do_not_fragment, headers.erspan_ipv4.more_fragments, headers.erspan_ipv4.frag_offset, headers.erspan_ipv4.ttl, headers.erspan_ipv4.protocol, headers.erspan_ipv4.src_addr, headers.erspan_ipv4.dst_addr }, headers.erspan_ipv4.header_checksum, HashAlgorithm.csum16); with 0
Replaced node at line 441: update_checksum(headers.erspan_ipv4.isValid(), { headers.erspan_ipv4.version, headers.erspan_ipv4.ihl, headers.erspan_ipv4.dscp, headers.erspan_ipv4.ecn, headers.erspan_ipv4.total_len, headers.erspan_ipv4.identification, headers.erspan_ipv4.reserved, headers.erspan_ipv4.do_not_fragment, headers.erspan_ipv4.more_fragments, headers.erspan_ipv4.frag_offset, headers.erspan_ipv4.ttl, headers.erspan_ipv4.protocol, headers.erspan_ipv4.src_addr, headers.erspan_ipv4.dst_addr }, headers.erspan_ipv4.header_checksum, HashAlgorithm.csum16); with 0
Replaced node at line 441: update_checksum(headers.erspan_ipv4.isValid(), { headers.erspan_ipv4.version, headers.erspan_ipv4.ihl, headers.erspan_ipv4.dscp, headers.erspan_ipv4.ecn, headers.erspan_ipv4.total_len, headers.erspan_ipv4.identification, headers.erspan_ipv4.reserved, headers.erspan_ipv4.do_not_fragment, headers.erspan_ipv4.more_fragments, headers.erspan_ipv4.frag_offset, headers.erspan_ipv4.ttl, headers.erspan_ipv4.protocol, headers.erspan_ipv4.src_addr, headers.erspan_ipv4.dst_addr }, headers.erspan_ipv4.header_checksum, HashAlgorithm.csum16); with 0
Replaced node at line 441: update_checksum(headers.erspan_ipv4.isValid(), { headers.erspan_ipv4.version, headers.erspan_ipv4.ihl, headers.erspan_ipv4.dscp, headers.erspan_ipv4.ecn, headers.erspan_ipv4.total_len, headers.erspan_ipv4.identification, headers.erspan_ipv4.reserved, headers.erspan_ipv4.do_not_fragment, headers.erspan_ipv4.more_fragments, headers.erspan_ipv4.frag_offset, headers.erspan_ipv4.ttl, headers.erspan_ipv4.protocol, headers.erspan_ipv4.src_addr, headers.erspan_ipv4.dst_addr }, headers.erspan_ipv4.header_checksum, HashAlgorithm.csum16); with 0
Replaced node at line 724: local_metadata.ingress_port : optional @name("in_port") @id(8) @sai_field(SAI_ACL_TABLE_ATTR_FIELD_IN_PORT); with 0
Replaced node at line 538: local_metadata.ingress_port: optional @name("in_port") @id(2); with 0
Replaced node at line 275: router_interface_id_value: exact @id(1) @name("router_interface_id") @refers_to(router_interface_table , router_interface_id); with 0
Replaced node at line 276: neighbor_id_value : exact @id(2) @format(IPV6_ADDRESS) @name("neighbor_id"); with 0
Replaced node at line 291: router_interface_id_value: exact @id(1) @name("router_interface_id"); with 0
Replaced node at line 311: nexthop_id_value: exact @id(1) @name("nexthop_id"); with 0
Replaced node at line 333: wcmp_group_id_value : exact @id(1) @name("wcmp_group_id"); with 0
Replaced node at line 334: local_metadata.wcmp_selector_input: selector; with 0
Replaced node at line 355: local_metadata.vrf_id: exact @id(1) @name("vrf_id"); with 0
Replaced node at line 380: local_metadata.vrf_id: exact @id(1) @name("vrf_id") @refers_to(vrf_table , vrf_id); with 0
Replaced node at line 396: local_metadata.vrf_id: exact @id(1) @name("vrf_id") @refers_to(vrf_table , vrf_id); with 0
Replaced node at line 594: acl_ingress_meter.read(local_metadata.color); with 0
Replaced node at line 594: acl_ingress_meter.read(local_metadata.color); with 0
Replaced node at line 602: acl_ingress_meter.read(local_metadata.color); with 0
Replaced node at line 594: acl_ingress_meter.read(local_metadata.color); with 0
Replaced node at line 607: acl_ingress_meter.read(local_metadata.color); with 0
Replaced node at line 498: local_metadata.mirror_session_id_value: exact @id(1) @name("mirror_session_id"); with 0
Replaced node at line 512: mirror_port: exact @id(1); with 0
statement_count_before:177
statement_count_after:168
cyclomatic_complexity:66
num_parsers_paths:10

