Eliminated node at line 102: test1.apply();
Eliminated node at line 104: act1: { tbl1.apply(); }
Eliminated node at line 105: act2: { tbl2.apply(); }
Eliminated node at line 106: act3: { tbl3.apply(); }
statement_count_before:21
statement_count_after:13
cyclomatic_complexity:35
num_parsers_paths:5

