Eliminated node at line 681: hdr.packet_out.setInvalid();
Eliminated node at line (unknown): 
Eliminated node at line 683: if (!my_station.apply().hit) {
Eliminated node at line 686: if (interfaces.apply().hit) {
Eliminated node at line (unknown): 
Eliminated node at line (unknown): { Routing_hasReturned = false;
  if (hdr.ipv4.isValid()) {
    
  } else {
    Routing_hasReturned = true; }
  if (Routing_hasReturned) {
    
  } else {
    { hdr.ipv4.ttl = hdr.ipv4.ttl + 255;
      if (hdr.ipv4.ttl == 0) {
        Routing_drop_0/drop();
      } else {
        Routing_routes_v4/routes_v4.apply(); } } }
  if (hdr.ethernet.isValid() && hdr.ipv4.isValid()) {
    Acl_acls/acls.apply(); } }
Eliminated node at line 753: if (std_meta.egress_port == 255) {
Replaced node at line 234: transition select(std_meta.ingress_port) { with 0
Replaced node at line 489: digest<ddn_digest_t>(1, { local_meta.ue_addr }); with 0
Replaced node at line 565: local_meta.ue_addr : exact @name("ue_address") ; with 0
Replaced node at line 566: local_meta.application_id: exact @name("app_id") ; with 0
Replaced node at line 577: local_meta.ue_addr : exact @name("ue_address") ; with 0
Replaced node at line 578: local_meta.application_id: exact @name("app_id") ; with 0
Replaced node at line 592: local_meta.slice_id : exact @name("slice_id") ; with 0
Replaced node at line 593: local_meta.inet_addr : lpm @name("app_ip_addr") ; with 0
Replaced node at line 594: local_meta.inet_l4_port: range @name("app_l4_port") ; with 0
Replaced node at line 595: local_meta.ip_proto : ternary @name("app_ip_proto") ; with 0
Replaced node at line 610: local_meta.tunnel_peer_id: exact @name("tunnel_peer_id") ; with 0
Replaced node at line 378: std_meta.ingress_port : ternary @name("inport") ; with 0
Replaced node at line 379: local_meta.src_iface : ternary @name("src_iface") ; with 0
Replaced node at line 752: post_qos_counter.count(local_meta.ctr_idx); with 0
Replaced node at line 753: if (std_meta.egress_port == 255) { with 0
statement_count_before:236
statement_count_after:199
cyclomatic_complexity:69
num_parsers_paths:38

