Eliminated node at line 686: if (interfaces.apply().hit) {
Eliminated node at line 683: if (!my_station.apply().hit) {
Eliminated node at line 437: routes_v4.apply();
Eliminated node at line 401: acls.apply();
Eliminated node at line 753: if (std_meta.egress_port == 255) {
Replaced node at line 565: local_meta.ue_addr : exact @name("ue_address") ; with 0
Replaced node at line 566: local_meta.application_id: exact @name("app_id") ; with 0
Replaced node at line 577: local_meta.ue_addr : exact @name("ue_address") ; with 0
Replaced node at line 578: local_meta.application_id: exact @name("app_id") ; with 0
Replaced node at line 592: local_meta.slice_id : exact @name("slice_id") ; with 0
Replaced node at line 593: local_meta.inet_addr : lpm @name("app_ip_addr") ; with 0
Replaced node at line 594: local_meta.inet_l4_port: range @name("app_l4_port") ; with 0
Replaced node at line 595: local_meta.ip_proto : ternary @name("app_ip_proto") ; with 0
Replaced node at line 610: local_meta.tunnel_peer_id: exact @name("tunnel_peer_id") ; with 0
Replaced node at line 379: local_meta.src_iface : ternary @name("src_iface") ; with 0
Replaced node at line 753: if (std_meta.egress_port == 255) { with 0
statement_count_before:236
statement_count_after:194
cyclomatic_complexity:81
num_parsers_paths:38
num_updates_processed:0
num_respecializations:0

