Replaced node at line 297: ipv4_da_lpm.apply(); with my_drop_2/my_drop();
Replaced node at line 300: mac_da.apply(); with my_drop_3/my_drop();
Eliminated node at line 380: get_multicast_copy_out_bd.apply();
Replaced node at line 382: send_frame.apply(); with my_drop_4/my_drop();
Replaced node at line 323: standard_metadata.mcast_grp : exact; with 0
Replaced node at line 324: standard_metadata.egress_rid : exact; with 0
Replaced node at line 349: meta.fwd.out_bd: exact; with 0
statement_count_before:46
statement_count_after:45
cyclomatic_complexity:24
num_parsers_paths:2

