Eliminated node at line 51: actions = { NoAction; a1; a2; }
Eliminated node at line 51: actions = { NoAction; a1; a2; }
Eliminated node at line 57: a1: { send_to_port(ostd, (PortId_t) 1); }
Eliminated node at line 58: a2: { send_to_port(ostd, (PortId_t) 2); }
statement_count_before:16
statement_count_after:14
cyclomatic_complexity:9
num_parsers_paths:2
num_updates_processed:0
num_respecializations:0

