Eliminated node at line 88: } else if (istd.packet_path == PSA_PacketPath_t.RECIRCULATE) {
Eliminated node at line 102: if (istd.packet_path == PSA_PacketPath_t.RECIRCULATE) {
statement_count_before:10
statement_count_after:8
cyclomatic_complexity:4
num_parsers_paths:2
num_updates_processed:0
num_respecializations:0

