Eliminated node at line 83: actions = { do_forward; do_drop; NoAction; }
Eliminated node at line 83: actions = { do_forward; do_drop; NoAction; }
Eliminated node at line 89: tbl_fwd_exact_lpm.apply();
statement_count_before:13
statement_count_after:12
cyclomatic_complexity:3
num_parsers_paths:3
num_updates_processed:0
num_respecializations:0

