Eliminated node at line 63: if (istd.parser_error != error.NoError) {
Eliminated node at line (unknown): 
Eliminated node at line 94: if (istd.parser_error != error.NoError) {
Eliminated node at line (unknown): 
statement_count_before:19
statement_count_after:15
cyclomatic_complexity:10
num_parsers_paths:17

